<html>
<body>
<pre>
<h1>礦ision Build Log</h1>
<h2>Tool Versions:</h2>
IDE-Version: μVision V5.25.2.0
Copyright (C) 2018 ARM Ltd and ARM Germany GmbH. All rights reserved.
License Information: 闫 金崟, 中北大学, LIC=AK130-BTGSD-KT53H-WVWC9-TA5NV-VUD1N
 
Tool Versions:
Toolchain:       MDK-ARM Professional  Version: 5.25.2.0
Toolchain Path:  D:\Keil MDK\ARM\ARMCC\Bin
C Compiler:      Armcc.exe V5.06 update 6 (build 750)
Assembler:       Armasm.exe V5.06 update 6 (build 750)
Linker/Locator:  ArmLink.exe V5.06 update 6 (build 750)
Library Manager: ArmAr.exe V5.06 update 6 (build 750)
Hex Converter:   FromElf.exe V5.06 update 6 (build 750)
CPU DLL:         SARMCM3.DLL V5.25.2.0
Dialog DLL:      DARMCM1.DLL V1.19.1.0
Target DLL:      Segger\JL2CM3.dll V2.99.29.0
Dialog DLL:      TARMCM1.DLL V1.14.0.0
 
<h2>Project:</h2>
C:\Users\Verdvana\Desktop\HC_SR04\HC_SR04\MDK-ARM\HC_SR04.uvprojx
Project File Date:  10/27/2018

<h2>Output:</h2>
*** Using Compiler 'V5.06 update 6 (build 750)', folder: 'D:\Keil MDK\ARM\ARMCC\Bin'
Build target 'HC_SR04'
compiling tim.c...
../Inc/tim.h(65): warning:  #1295-D: Deprecated declaration get_distance - give arg types
  double  get_distance();
../Src/tim.c(116): warning:  #188-D: enumerated type mixed with another type
      HAL_GPIO_WritePin(GPIOB,GPIO_PIN_4,1);  //开启超声波
../Src/tim.c(118): warning:  #188-D: enumerated type mixed with another type
      HAL_GPIO_WritePin(GPIOB,GPIO_PIN_4,0);
../Src/tim.c: 3 warnings, 0 errors
linking...
Program Size: Code=10440 RO-data=260 RW-data=12 ZI-data=1308  
FromELF: creating hex file...
"HC_SR04\HC_SR04.axf" - 0 Error(s), 3 Warning(s).

<h2>Software Packages used:</h2>

Package Vendor: ARM
                http://www.keil.com/pack/ARM.CMSIS.5.3.0.pack
                ARM.CMSIS.5.3.0
                CMSIS (Cortex Microcontroller Software Interface Standard)
   * Component: CORE Version: 5.1.1

Package Vendor: Keil
                http://www.keil.com/pack/Keil.STM32L0xx_DFP.2.0.0.pack
                Keil.STM32L0xx_DFP.2.0.0
                STMicroelectronics STM32L0 Series Device Support, Drivers and Examples

<h2>Collection of Component include folders:</h2>
  .\RTE\_HC_SR04
  D:\Keil MDK\ARM\PACK\ARM\CMSIS\5.3.0\CMSIS\Include
  D:\Keil MDK\ARM\PACK\Keil\STM32L0xx_DFP\2.0.0\Drivers\CMSIS\Device\ST\STM32L0xx\Include

<h2>Collection of Component Files used:</h2>

   * Component: ARM::CMSIS:CORE:5.1.1
Build Time Elapsed:  00:00:03
</pre>
</body>
</html>
